// Jest Snapshot v1, https://goo.gl/fbAQLP

exports[`CurrencyInputForm Snapshot 1`] = `
<form
  className="form"
>
  <label
    className="label"
    htmlFor="currentCurrency"
  >
    GBP
    <input
      className="input"
      data-testid="currency-input"
      id="currentCurrency"
      name="currentCurrency"
      onChange={[Function]}
      pattern="/^-?[0-9]+(\\\\.[0-9][0-9]?)?$/g"
      placeholder="0.00"
      type="number"
    />
  </label>
</form>
`;
